DEBUG tests/blank_tests.c:30: ----- RUNNING: ./tests/blank_tests
DEBUG tests/blank_tests.c:22: 
----- test_dlopen
DEBUG tests/blank_tests.c:23: 
----- test_functions
DEBUG tests/blank_tests.c:24: 
----- test_failures
DEBUG tests/blank_tests.c:25: 
----- test_dlclose
DEBUG tests/list_tests.c:98: ----- RUNNING: ./tests/list_tests
DEBUG tests/list_tests.c:88: 
----- test_create
DEBUG tests/list_tests.c:89: 
----- test_push_pop
DEBUG tests/list_tests.c:90: 
----- test_unshift
[ERROR] (tests/list_tests.c:55: errno: None) Wrong count on unshift
DEBUG tests/blank_tests.c:30: ----- RUNNING: ./tests/blank_tests
DEBUG tests/blank_tests.c:22: 
----- test_dlopen
DEBUG tests/blank_tests.c:23: 
----- test_functions
DEBUG tests/blank_tests.c:24: 
----- test_failures
DEBUG tests/blank_tests.c:25: 
----- test_dlclose
DEBUG tests/list_tests.c:98: ----- RUNNING: ./tests/list_tests
DEBUG tests/list_tests.c:88: 
----- test_create
DEBUG tests/list_tests.c:89: 
----- test_push_pop
DEBUG tests/list_tests.c:90: 
----- test_unshift
[ERROR] (tests/list_tests.c:55: errno: None) Wrong count on unshift
DEBUG tests/blank_tests.c:30: ----- RUNNING: ./tests/blank_tests
DEBUG tests/blank_tests.c:22: 
----- test_dlopen
DEBUG tests/blank_tests.c:23: 
----- test_functions
DEBUG tests/blank_tests.c:24: 
----- test_failures
DEBUG tests/blank_tests.c:25: 
----- test_dlclose
DEBUG tests/list_tests.c:98: ----- RUNNING: ./tests/list_tests
DEBUG tests/list_tests.c:88: 
----- test_create
DEBUG tests/list_tests.c:89: 
----- test_push_pop
DEBUG tests/list_tests.c:90: 
----- test_unshift
DEBUG tests/list_tests.c:91: 
----- test_remove
DEBUG tests/list_tests.c:92: 
----- test_shift
[ERROR] (tests/list_tests.c:80: errno: None) Wrong count after shift
DEBUG tests/blank_tests.c:30: ----- RUNNING: ./tests/blank_tests
DEBUG tests/blank_tests.c:22: 
----- test_dlopen
DEBUG tests/blank_tests.c:23: 
----- test_functions
DEBUG tests/blank_tests.c:24: 
----- test_failures
DEBUG tests/blank_tests.c:25: 
----- test_dlclose
DEBUG tests/list_tests.c:98: ----- RUNNING: ./tests/list_tests
DEBUG tests/list_tests.c:88: 
----- test_create
DEBUG tests/list_tests.c:89: 
----- test_push_pop
DEBUG tests/list_tests.c:90: 
----- test_unshift
DEBUG tests/list_tests.c:91: 
----- test_remove
DEBUG tests/list_tests.c:92: 
----- test_shift
DEBUG tests/list_tests.c:93: 
----- test_destroy
